[demo.themeforshop.com/html_fastfood/index.html]
[backblue.gif]
[fade.gif]
[index.html]
[maxcdn.bootstrapcdn.com/bootstrap/3.3.4/css/bootstrap.min.css]
[maxcdn.bootstrapcdn.com/font-awesome/4.7.0/css/font-awesome.min.css]
[cdn.linearicons.com/free/1.0.0/icon-font.min.css]
[cdn.shopify.com/s/files/1/2487/3424/t/3/assets/social-buttons.scss.css]
[cdn.shopify.com/s/files/1/2487/3424/t/3/assets/owl.carousel.css]
[cdn.shopify.com/s/files/1/2487/3424/t/3/assets/cs.animate.css]
[cdn.shopify.com/s/files/1/2487/3424/t/3/assets/slideshow-fade.css]
[cdn.shopify.com/s/files/1/2487/3424/t/3/assets/animations.css]
[cdn.shopify.com/s/files/1/2487/3424/t/3/assets/themepunch.revolution.css]
[cdn.shopify.com/s/files/1/2487/3424/t/3/assets/jquery.fancybox.scss.css]
[demo.themeforshop.com/html_fastfood/assets/javascripts/jquery.min.js]
[demo.themeforshop.com/html_fastfood/assets/javascripts/classie.js]
[demo.themeforshop.com/html_fastfood/assets/javascripts/application-appear.js]
[demo.themeforshop.com/html_fastfood/assets/javascripts/jquery.themepunch.plugins.min.js]
[demo.themeforshop.com/html_fastfood/assets/javascripts/jquery.themepunch.revolution.min.js]
[demo.themeforshop.com/html_fastfood/assets/javascripts/cs.script.js]
[demo.themeforshop.com/html_fastfood/assets/javascripts/jquery.currencies.min.js]
[demo.themeforshop.com/html_fastfood/assets/javascripts/jquery.zoom.min.js]
[demo.themeforshop.com/html_fastfood/assets/javascripts/linkOptionSelectors.js]
[demo.themeforshop.com/html_fastfood/assets/javascripts/owl.carousel.min.js]
[demo.themeforshop.com/html_fastfood/assets/javascripts/scripts.js]
[demo.themeforshop.com/html_fastfood/assets/javascripts/social-buttons.js]
[demo.themeforshop.com/html_fastfood/assets/javascripts/bootstrap.min.js]
[demo.themeforshop.com/html_fastfood/assets/javascripts/jquery.touchSwipe.min.js]
[demo.themeforshop.com/html_fastfood/assets/javascripts/jquery.fancybox.js]
[demo.themeforshop.com/html_fastfood/index-2.html]
[demo.themeforshop.com/html_fastfood/assets/images/logo.png]
[demo.themeforshop.com/html_fastfood/collections.html]
[demo.themeforshop.com/html_fastfood/super-deal.html]
[demo.themeforshop.com/html_fastfood/contact.html]
[demo.themeforshop.com/html_fastfood/blog.html]
[demo.themeforshop.com/html_fastfood/about-us.html]
[demo.themeforshop.com/html_fastfood/faqs.html]
[demo.themeforshop.com/html_fastfood/lookbook.html]
[demo.themeforshop.com/html_fastfood/404.html]
[demo.themeforshop.com/html_fastfood/collections-all.html]
[demo.themeforshop.com/html_fastfood/product.html]
[demo.themeforshop.com/html_fastfood/assets/images/product_10.jpg]
[demo.themeforshop.com/html_fastfood/wish-list.html]
[demo.themeforshop.com/html_fastfood/assets/images/product_11.jpg]
[demo.themeforshop.com/html_fastfood/cart.html]
[demo.themeforshop.com/html_fastfood/compare.html]
[cdn.shopify.com/s/files/1/2487/3424/files/1_83ead4e7-aea5-4e9d-9434-4955aa4586dc.jpg]
[demo.themeforshop.com/html_fastfood/assets/images/slideshow-caption-1.png]
[cdn.shopify.com/s/files/1/2487/3424/files/2_65174602-c41e-437a-a443-b1ec72838027.jpg]
[demo.themeforshop.com/html_fastfood/assets/images/slideshow-caption-2.png]
[cdn.shopify.com/s/files/1/2487/3424/files/3_57dfffef-f4a7-4ff0-b03e-05e67769bafc.jpg]
[demo.themeforshop.com/html_fastfood/assets/images/slideshow-caption-3.png]
[demo.themeforshop.com/html_fastfood/assets/images/banslider-1.jpg]
[demo.themeforshop.com/html_fastfood/assets/images/banslider-2.jpg]
[demo.themeforshop.com/html_fastfood/assets/images/banslider-3.jpg]
[cdn.shopify.com/s/files/1/2487/3424/files/1_3e7313a2-24ef-4dea-b4f4-19a75f8b51fa.png]
[demo.themeforshop.com/html_fastfood/assets/images/banner_product_1.jpg]
[demo.themeforshop.com/html_fastfood/assets/images/product_1.jpg]
[demo.themeforshop.com/html_fastfood/assets/images/product_2.jpg]
[demo.themeforshop.com/html_fastfood/assets/images/product_3.jpg]
[demo.themeforshop.com/html_fastfood/assets/images/product_14.jpg]
[demo.themeforshop.com/html_fastfood/assets/images/banner_product_4.jpg]
[demo.themeforshop.com/html_fastfood/assets/images/product_4.jpg]
[demo.themeforshop.com/html_fastfood/assets/images/product_5.jpg]
[demo.themeforshop.com/html_fastfood/assets/images/product_6.jpg]
[demo.themeforshop.com/html_fastfood/assets/images/product_16.jpg]
[demo.themeforshop.com/html_fastfood/assets/images/banner_product_2.jpg]
[demo.themeforshop.com/html_fastfood/assets/images/product_7.jpg]
[demo.themeforshop.com/html_fastfood/assets/images/product_9.jpg]
[demo.themeforshop.com/html_fastfood/assets/images/product_8.jpg]
[demo.themeforshop.com/html_fastfood/assets/images/product_15.jpg]
[demo.themeforshop.com/html_fastfood/assets/images/banner_product_3.jpg]
[demo.themeforshop.com/html_fastfood/assets/images/product_13.jpg]
[demo.themeforshop.com/html_fastfood/assets/images/product_12.jpg]
[demo.themeforshop.com/html_fastfood/assets/images/banner-home-1.jpg]
[demo.themeforshop.com/html_fastfood/assets/images/gallery-1-big.jpg]
[demo.themeforshop.com/html_fastfood/assets/images/gallery-1.jpg]
[demo.themeforshop.com/html_fastfood/assets/images/gallery-2-big.jpg]
[demo.themeforshop.com/html_fastfood/assets/images/gallery-2.jpg]
[demo.themeforshop.com/html_fastfood/assets/images/gallery-3-big.jpg]
[demo.themeforshop.com/html_fastfood/assets/images/gallery-3.jpg]
[demo.themeforshop.com/html_fastfood/assets/images/gallery-4-big.jpg]
[demo.themeforshop.com/html_fastfood/assets/images/gallery-4.jpg]
[demo.themeforshop.com/html_fastfood/assets/images/gallery-5-big.jpg]
[demo.themeforshop.com/html_fastfood/assets/images/gallery-5.jpg]
[demo.themeforshop.com/html_fastfood/assets/images/gallery-6-big.jpg]
[demo.themeforshop.com/html_fastfood/assets/images/gallery-6.jpg]
[cdn.shopify.com/s/files/1/2487/3424/files/bn1_53149ef0-f92a-4804-b600-02e903aa4559.png]
[demo.themeforshop.com/html_fastfood/assets/images/bg_footer.png]
[demo.themeforshop.com/html_fastfood/assets/images/logo_footer.png]
[demo.themeforshop.com/html_fastfood/article.html]
[demo.themeforshop.com/html_fastfood/assets/images/blog-01.jpg]
[demo.themeforshop.com/html_fastfood/assets/images/blog-04.jpg]
[demo.themeforshop.com/html_fastfood/assets/images/blog-03.jpg]
[demo.themeforshop.com/html_fastfood/account.html]
[demo.themeforshop.com/html_fastfood/login.html]
[demo.themeforshop.com/html_fastfood/assets/images/black.png]
[demo.themeforshop.com/html_fastfood/assets/images/soldout.png]
[demo.themeforshop.com/html_fastfood/assets/images/red.png]
[demo.themeforshop.com/html_fastfood/assets/images/blue.png]
[demo.themeforshop.com/html_fastfood/assets/images/yellow.png]
[demo.themeforshop.com/html_fastfood/assets/images/newsletter-banner.png]
[demo.themeforshop.com/html_fastfood/index.html]
[maxcdn.bootstrapcdn.com/bootstrap/3.3.4/css/bootstrap.min.css]
[maxcdn.bootstrapcdn.com/font-awesome/4.7.0/css/font-awesome.min.css]
[demo.themeforshop.com/html_fastfood/assets/stylesheets/fonts.googleapis.css]
[cdn.linearicons.com/free/1.0.0/icon-font.min.css]
[cdn.shopify.com/s/files/1/2487/3424/t/3/assets/social-buttons.scss.css]
[demo.themeforshop.com/html_fastfood/assets/images/body_bg.png]
[demo.themeforshop.com/html_fastfood/assets/images/bg_none_check.png]
[cdn.linearicons.com/free/1.0.0/Linearicons-Free.eot]
[demo.themeforshop.com/html_fastfood/assets/images/bg_alert_success_icon.png]
[demo.themeforshop.com/html_fastfood/assets/images/bg_alert_notice_icon.png]
[demo.themeforshop.com/html_fastfood/assets/images/bg_alert_failure_icon.png]
[demo.themeforshop.com/html_fastfood/assets/images/bg_addtocart_icon.png]
[demo.themeforshop.com/html_fastfood/assets/images/line-btn.png]
[demo.themeforshop.com/html_fastfood/assets/images/btn-left-pro.png]
[demo.themeforshop.com/html_fastfood/assets/images/btn-right-pro.png]
[demo.themeforshop.com/html_fastfood/assets/images/round-border.png]
[demo.themeforshop.com/html_fastfood/assets/images/tp_caption_line1.png]
[demo.themeforshop.com/html_fastfood/assets/images/btn-left.png]
[demo.themeforshop.com/html_fastfood/assets/images/btn-right.png]
[demo.themeforshop.com/html_fastfood/assets/images/line-dot.png]
[demo.themeforshop.com/html_fastfood/assets/images/bg-pass.jpg]
[demo.themeforshop.com/html_fastfood/assets/images/dot_contact.png]
[demo.themeforshop.com/html_fastfood/assets/images/list_payment.png]
[demo.themeforshop.com/html_fastfood/assets/images/bg-newsletter.jpg]
[demo.themeforshop.com/html_fastfood/assets/stylesheets/cs.styles.css]
[demo.themeforshop.com/html_fastfood/assets/fonts/cs-font.eot]
[demo.themeforshop.com/html_fastfood/assets/fonts/cs-font.ttf]
[demo.themeforshop.com/html_fastfood/assets/fonts/cs-font.woff]
[demo.themeforshop.com/html_fastfood/assets/stylesheets/font-icon.css]
[cdn.shopify.com/s/files/1/2487/3424/t/3/assets/grabbing.png]
[cdn.shopify.com/s/files/1/2487/3424/t/3/assets/owl.carousel.css]
[cdn.shopify.com/s/files/1/2487/3424/t/3/assets/cs.animate.css]
[cdn.shopify.com/s/files/1/2487/3424/t/3/assets/slideshow-fade.css]
[cdn.shopify.com/s/files/1/2487/3424/t/3/assets/animations.css]
[cdn.shopify.com/s/files/1/2487/3424/t/3/images/gradient/g30.80.delayed]
[cdn.shopify.com/s/files/1/2487/3424/t/3/images/gradient/g40.png]
[cdn.shopify.com/s/files/1/2487/3424/t/3/assets/shadow1.png]
[cdn.shopify.com/s/files/1/2487/3424/t/3/assets/shadow2.png]
[cdn.shopify.com/s/files/1/2487/3424/t/3/assets/shadow3.png]
[cdn.shopify.com/s/files/1/2487/3424/t/3/assets/gridtile.png]
[cdn.shopify.com/s/files/1/2487/3424/t/3/assets/gridtile_white.png]
[cdn.shopify.com/s/files/1/2487/3424/t/3/assets/gridtile_3x3.png]
[cdn.shopify.com/s/files/1/2487/3424/t/3/assets/gridtile_3x3_white.png]
[cdn.shopify.com/s/files/1/2487/3424/t/3/assets/boxed_bgtile.png]
[cdn.shopify.com/s/files/1/2487/3424/t/3/assets/navigdots_bgtile.png]
[cdn.shopify.com/s/files/1/2487/3424/t/3/assets/bullet.png]
[cdn.shopify.com/s/files/1/2487/3424/t/3/assets/bullets.png]
[cdn.shopify.com/s/files/1/2487/3424/t/3/assets/bullets2.png]
[cdn.shopify.com/s/files/1/2487/3424/t/3/assets/bullet_boxed.png]
[cdn.shopify.com/s/files/1/2487/3424/t/3/assets/navigdots.png]
[cdn.shopify.com/s/files/1/2487/3424/t/3/assets/large_left.png]
[cdn.shopify.com/s/files/1/2487/3424/t/3/assets/large_right.png]
[cdn.shopify.com/s/files/1/2487/3424/t/3/assets/small_left.png]
[cdn.shopify.com/s/files/1/2487/3424/t/3/assets/small_right.png]
[cdn.shopify.com/s/files/1/2487/3424/t/3/assets/arrow_left.png]
[cdn.shopify.com/s/files/1/2487/3424/t/3/assets/arrow_right.png]
[cdn.shopify.com/s/files/1/2487/3424/t/3/assets/small_left_boxed.png]
[cdn.shopify.com/s/files/1/2487/3424/t/3/assets/small_right_boxed.png]
[cdn.shopify.com/s/files/1/2487/3424/t/3/assets/arrowleft.png]
[cdn.shopify.com/s/files/1/2487/3424/t/3/assets/arrowright.png]
[cdn.shopify.com/s/files/1/2487/3424/t/3/assets/arrow_left2.png]
[cdn.shopify.com/s/files/1/2487/3424/t/3/assets/arrow_right2.png]
[cdn.shopify.com/s/files/1/2487/3424/t/3/assets/icon.png]
[cdn.shopify.com/s/files/1/2487/3424/t/3/assets/coloredbg.png]
[cdn.shopify.com/s/files/1/2487/3424/t/3/assets/themepunch.revolution.css]
[cdn.shopify.com/s/files/1/2487/3424/t/3/assets/loader.gif]
[cdn.shopify.com/s/files/1/2487/3424/t/3/assets/fancybox_sprite0d9a.png]
[cdn.shopify.com/s/files/1/2487/3424/t/3/assets/fancybox_loading0d9a.gif]
[cdn.shopify.com/s/files/1/2487/3424/t/3/assets/blank0d9a.gif]
[cdn.shopify.com/s/files/1/2487/3424/t/3/assets/fancybox_sprite@2x0d9a.png]
[cdn.shopify.com/s/files/1/2487/3424/t/3/assets/jquery.fancybox.scss.css]
[demo.themeforshop.com/html_fastfood/index-2.html]
[demo.themeforshop.com/html_fastfood/assets/images/collections_banner_top.jpg]
[demo.themeforshop.com/html_fastfood/assets/images/green.png]
[demo.themeforshop.com/html_fastfood/assets/images/brown.png]
[demo.themeforshop.com/html_fastfood/assets/images/silver.png]
[demo.themeforshop.com/html_fastfood/assets/images/gray.png]
[demo.themeforshop.com/html_fastfood/assets/images/purple.png]
[demo.themeforshop.com/html_fastfood/assets/images/orange.png]
[demo.themeforshop.com/html_fastfood/assets/images/collections_banner.jpg]
[demo.themeforshop.com/html_fastfood/collections.html]
[demo.themeforshop.com/html_fastfood/super-deal.html]
[demo.themeforshop.com/html_fastfood/assets/javascripts/jquery.gmap.min.js]
[demo.themeforshop.com/html_fastfood/contact.html]
[demo.themeforshop.com/html_fastfood/assets/images/blog-05.jpg]
[demo.themeforshop.com/html_fastfood/assets/images/blog-06.jpg]
[demo.themeforshop.com/html_fastfood/assets/images/blog-07.jpg]
[demo.themeforshop.com/html_fastfood/assets/images/blog-08.jpg]
[demo.themeforshop.com/html_fastfood/assets/images/blog-02.jpg]
[demo.themeforshop.com/html_fastfood/assets/images/blog-09.jpg]
[demo.themeforshop.com/html_fastfood/assets/images/blog_banner.png]
[demo.themeforshop.com/html_fastfood/blog.html]
[demo.themeforshop.com/html_fastfood/assets/images/about_banner.jpg]
[demo.themeforshop.com/html_fastfood/assets/images/about_avatar_1.jpg]
[demo.themeforshop.com/html_fastfood/assets/images/about_avatar_2.jpg]
[demo.themeforshop.com/html_fastfood/assets/images/about_avatar_3.jpg]
[demo.themeforshop.com/html_fastfood/about-us.html]
[demo.themeforshop.com/html_fastfood/faqs.html]
[demo.themeforshop.com/html_fastfood/assets/images/lookbook_1.jpg]
[demo.themeforshop.com/html_fastfood/assets/images/lookbook_2.jpg]
[demo.themeforshop.com/html_fastfood/assets/images/lookbook_3.jpg]
[demo.themeforshop.com/html_fastfood/assets/images/lookbook_4.jpg]
[demo.themeforshop.com/html_fastfood/assets/images/lookbook_5.jpg]
[demo.themeforshop.com/html_fastfood/assets/images/lookbook_6.jpg]
[demo.themeforshop.com/html_fastfood/lookbook.html]
[demo.themeforshop.com/html_fastfood/404.html]
[demo.themeforshop.com/html_fastfood/assets/images/collections_1.jpg]
[demo.themeforshop.com/html_fastfood/assets/images/collections_2.jpg]
[demo.themeforshop.com/html_fastfood/assets/images/collections_3.jpg]
[demo.themeforshop.com/html_fastfood/assets/images/collections_4.jpg]
[demo.themeforshop.com/html_fastfood/assets/images/collections_5.jpg]
[demo.themeforshop.com/html_fastfood/assets/images/collections_6.jpg]
[demo.themeforshop.com/html_fastfood/collections-all.html]
[demo.themeforshop.com/html_fastfood/product.html]
[demo.themeforshop.com/html_fastfood/wish-list.html]
[demo.themeforshop.com/html_fastfood/cart.html]
[demo.themeforshop.com/html_fastfood/login-recover.html]
[demo.themeforshop.com/html_fastfood/compare.html]
[demo.themeforshop.com/html_fastfood/article.html]
[demo.themeforshop.com/html_fastfood/addresses.html]
[demo.themeforshop.com/html_fastfood/assets/images/account_banner_1.jpg]
[demo.themeforshop.com/html_fastfood/assets/images/account_banner_2.jpg]
[demo.themeforshop.com/html_fastfood/order.html]
[demo.themeforshop.com/html_fastfood/account.html]
[demo.themeforshop.com/html_fastfood/register.html]
[demo.themeforshop.com/html_fastfood/login.html]
[demo.themeforshop.com/html_fastfood/assets/images/ico-select.svg]
[demo.themeforshop.com/html_fastfood/assets/images/bg_check.html]
[demo.themeforshop.com/html_fastfood/assets/fonts/cs-font.svg]
[cdn.shopify.com/s/files/1/2487/3424/t/3/images/gradient/g30.html]
[cdn.shopify.com/s/files/1/2487/3424/t/3/images/gradient/g40.html]
[cdn.shopify.com/s/files/1/2487/3424/t/3/assets/shadow1.html]
[cdn.shopify.com/s/files/1/2487/3424/t/3/assets/shadow2.html]
[cdn.shopify.com/s/files/1/2487/3424/t/3/assets/shadow3.html]
[cdn.shopify.com/s/files/1/2487/3424/t/3/assets/gridtile.html]
[cdn.shopify.com/s/files/1/2487/3424/t/3/assets/gridtile_white.html]
[cdn.shopify.com/s/files/1/2487/3424/t/3/assets/gridtile_3x3.html]
[cdn.shopify.com/s/files/1/2487/3424/t/3/assets/gridtile_3x3_white.html]
[cdn.shopify.com/s/files/1/2487/3424/t/3/assets/boxed_bgtile.html]
[cdn.shopify.com/s/files/1/2487/3424/t/3/assets/navigdots_bgtile.html]
[cdn.shopify.com/s/files/1/2487/3424/t/3/assets/bullet.html]
[cdn.shopify.com/s/files/1/2487/3424/t/3/assets/bullets.html]
[cdn.shopify.com/s/files/1/2487/3424/t/3/assets/bullets2.html]
[cdn.shopify.com/s/files/1/2487/3424/t/3/assets/bullet_boxed.html]
[cdn.shopify.com/s/files/1/2487/3424/t/3/assets/navigdots.html]
[cdn.shopify.com/s/files/1/2487/3424/t/3/assets/large_left.html]
[cdn.shopify.com/s/files/1/2487/3424/t/3/assets/large_right.html]
[cdn.shopify.com/s/files/1/2487/3424/t/3/assets/small_left.html]
[cdn.shopify.com/s/files/1/2487/3424/t/3/assets/small_right.html]
[cdn.shopify.com/s/files/1/2487/3424/t/3/assets/arrow_left.html]
[cdn.shopify.com/s/files/1/2487/3424/t/3/assets/arrow_right.html]
[cdn.shopify.com/s/files/1/2487/3424/t/3/assets/small_left_boxed.html]
[cdn.shopify.com/s/files/1/2487/3424/t/3/assets/small_right_boxed.html]
[cdn.shopify.com/s/files/1/2487/3424/t/3/assets/arrowleft.html]
[cdn.shopify.com/s/files/1/2487/3424/t/3/assets/arrowright.html]
[cdn.shopify.com/s/files/1/2487/3424/t/3/assets/arrow_left2.html]
[cdn.shopify.com/s/files/1/2487/3424/t/3/assets/arrow_right2.html]
[cdn.shopify.com/s/files/1/2487/3424/t/3/assets/icon.html]
[cdn.shopify.com/s/files/1/2487/3424/t/3/assets/coloredbg.html]
[cdn.shopify.com/s/files/1/2487/3424/t/3/assets/blank0d9a.html]
[demo.themeforshop.com/html_fastfood/assets/stylesheets/bootstrap.min.css]
[demo.themeforshop.com/html_fastfood/assets/fonts/fontawesome-webfont3e6e.eot]
[demo.themeforshop.com/html_fastfood/assets/fonts/fontawesome-webfontd41d.eot]
[demo.themeforshop.com/html_fastfood/assets/fonts/fontawesome-webfont3e6e.woff]
[demo.themeforshop.com/html_fastfood/assets/fonts/fontawesome-webfont3e6e.ttf]
[demo.themeforshop.com/html_fastfood/assets/stylesheets/font-awesome.min.css]
[demo.themeforshop.com/html_fastfood/assets/stylesheets/icon-font.min.css]
[demo.themeforshop.com/html_fastfood/assets/fonts/icons.eot]
[demo.themeforshop.com/html_fastfood/assets/fonts/icons.woff]
[demo.themeforshop.com/html_fastfood/assets/fonts/icons.ttf]
[demo.themeforshop.com/html_fastfood/assets/stylesheets/social-buttons.css]
[demo.themeforshop.com/html_fastfood/assets/stylesheets/grabbing.png]
[demo.themeforshop.com/html_fastfood/assets/stylesheets/owl.carousel.min.css]
[demo.themeforshop.com/html_fastfood/assets/stylesheets/spr.css]
[demo.themeforshop.com/html_fastfood/assets/stylesheets/slideshow-fade.css]
[demo.themeforshop.com/html_fastfood/assets/stylesheets/cs.animate.css]
[demo.themeforshop.com/html_fastfood/assets/images/loader.gif]
[demo.themeforshop.com/html_fastfood/assets/stylesheets/themepunch.revolution.css]
[demo.themeforshop.com/html_fastfood/assets/stylesheets/jquery.fancybox.css]
[demo.themeforshop.com/html_fastfood/blogs.html]
[pinterest.com/pin/create/button/indexb5c7.html]
[demo.themeforshop.com/html_fastfood/products.html]
[pinterest.com/pin/create/button/index1a2a.html]
[demo.themeforshop.com/html_fastfood/jin@gmail.html]
[demo.themeforshop.com/html_fastfood/addresses.html]
[demo.themeforshop.com/html_fastfood/order.html]
[demo.themeforshop.com/html_fastfood/register.html]
[demo.themeforshop.com/html_fastfood/assets/fonts/glyphicons-halflings-regular.html]
[demo.themeforshop.com/html_fastfood/assets/fonts/glyphicons-halflings-regulard41d.html]
[demo.themeforshop.com/html_fastfood/assets/fonts/glyphicons-halflings-regular-2.html]
[demo.themeforshop.com/html_fastfood/assets/fonts/glyphicons-halflings-regular-3.html]
[demo.themeforshop.com/html_fastfood/assets/fonts/glyphicons-halflings-regular-4.html]
[demo.themeforshop.com/html_fastfood/assets/fonts/glyphicons-halflings-regular-5.html]
[demo.themeforshop.com/html_fastfood/assets/fonts/fontawesome-webfont3e6e.html]
[demo.themeforshop.com/html_fastfood/assets/fonts/fontawesome-webfont3e6e.svg]
[demo.themeforshop.com/html_fastfood/assets/fonts/icons.svg]
[demo.themeforshop.com/html_fastfood/assets/images/gradient/g30.html]
[demo.themeforshop.com/html_fastfood/assets/images/gradient/g40.html]
[demo.themeforshop.com/html_fastfood/assets/assets/shadow1.html]
[demo.themeforshop.com/html_fastfood/assets/assets/shadow2.html]
[demo.themeforshop.com/html_fastfood/assets/assets/shadow3.html]
[demo.themeforshop.com/html_fastfood/assets/assets/gridtile.html]
[demo.themeforshop.com/html_fastfood/assets/assets/gridtile_white.html]
[demo.themeforshop.com/html_fastfood/assets/assets/gridtile_3x3.html]
[demo.themeforshop.com/html_fastfood/assets/assets/gridtile_3x3_white.html]
[demo.themeforshop.com/html_fastfood/assets/assets/boxed_bgtile.html]
[demo.themeforshop.com/html_fastfood/assets/assets/navigdots_bgtile.html]
[demo.themeforshop.com/html_fastfood/assets/assets/bullet.html]
[demo.themeforshop.com/html_fastfood/assets/assets/bullets.html]
[demo.themeforshop.com/html_fastfood/assets/assets/bullets2.html]
[demo.themeforshop.com/html_fastfood/assets/assets/bullet_boxed.html]
[demo.themeforshop.com/html_fastfood/assets/assets/navigdots.html]
[demo.themeforshop.com/html_fastfood/assets/assets/large_left.html]
[demo.themeforshop.com/html_fastfood/assets/assets/large_right.html]
[demo.themeforshop.com/html_fastfood/assets/assets/small_left.html]
[demo.themeforshop.com/html_fastfood/assets/assets/small_right.html]
[demo.themeforshop.com/html_fastfood/assets/assets/arrow_left.html]
[demo.themeforshop.com/html_fastfood/assets/assets/arrow_right.html]
[demo.themeforshop.com/html_fastfood/assets/assets/small_left_boxed.html]
[demo.themeforshop.com/html_fastfood/assets/assets/small_right_boxed.html]
[demo.themeforshop.com/html_fastfood/assets/assets/arrowleft.html]
[demo.themeforshop.com/html_fastfood/assets/assets/arrowright.html]
[demo.themeforshop.com/html_fastfood/assets/assets/arrow_left2.html]
[demo.themeforshop.com/html_fastfood/assets/assets/arrow_right2.html]
[demo.themeforshop.com/html_fastfood/assets/assets/icon.html]
[demo.themeforshop.com/html_fastfood/assets/assets/coloredbg.html]
[demo.themeforshop.com/html_fastfood/assets/images/fancybox_sprite.html]
[demo.themeforshop.com/html_fastfood/assets/images/fancybox_loading.html]
[demo.themeforshop.com/html_fastfood/assets/images/fancybox_sprite@2x.html]
[demo.themeforshop.com/html_fastfood/assets/images/fancybox_loading@2x.html]
[pinterest.com/pin/create/button/index0fe9.html]
[pinterest.com/pin/create/button/index74ad.html]
